SQL> ls
SP2-0042: unknown command "ls" - rest of line ignored.
SQL> INSERT INTO PLAN_DOCENTE
  2  VALUES(1010,9,3,0,3,'01-SEP-08','31-aug-09');

1 row created.

SQL> INSERT INTO PLAN_DOCENTE
  2  VALUES(1010,9,1.5,0,1.5,'01-SEP-09',null);

1 row created.

SQL> INSERT INTO PLAN_DOCENTE
  2  VALUES(9999,7,3,3,0,'01-SEP-10',NULL);

1 row created.

SQL> INSERT INTO PLAN_DOCENTE
  2  VALUES(5555,6,3,3,0,'31-MAR-10',NULL);

1 row created.

SQL> INSERT INTO PLAN_DOCENTE
  2  VALUES(6666,10,3,1.5,1.5,'01-SEP-08','31-AUG-11);
ERROR:
ORA-01756: quoted string not properly terminated 


SQL> INSERT INTO PLAN_DOCENTE
  2  VALUES(6666,10,3,1.5,1.5,'01-SEP-08','31-AUG-11');

1 row created.

SQL> INSERT INTO PLAN_DOCENTE
  2  VALUES(8888,11,6,0,0,'01-SEP-09',NULL);

1 row created.

SQL> INSERT INTO PLAN_DOCENTE
  2  VALUES(2020,3,1.5,0,1.5,'01-SEP-08',NULL);

1 row created.

SQL> SELECT CURRENT_DATE
  2  FROM DUAL;

CURRENT_D                                                                       
---------                                                                       
09-NOV-18                                                                       

SQL> INSERT INTO PLAN_DOCENTE
  2  VALUES(7777,12,4.5,3,0,'01-SEP-10',NULL);

1 row created.

SQL> INSERT INTO PLAN_DOCENTE
  2  VALUES(3333,9,1.5,0,1.5,'01-SEP-09',NULL);

1 row created.

SQL> SET LINESIZE 130
SQL> SELECT CD,D
  2  FROM DEPARTEMTNO
  3  ;
FROM DEPARTEMTNO
     *
ERROR at line 2:
ORA-00942: table or view does not exist 


SQL> SELECT CD,D
  2  FROM DEPARTAMENTO
  3  ;

        CD D                                                                                                                      
---------- ------------------------------------------------------------                                                           
         1 ANALISIS MATEMATICO                                                                                                    
         2 ASTROFISICA                                                                                                            
         3 ESTADISTICA, INVESTIGACION OPERATIVA Y COMPUTACION                                                                     
         4 MATEMATICA FUNDAMENTAL                                                                                                 

SQL> SELECT *
  2  FROM AREA
  3  ;

       CAR AR                                                                   CD                                                
---------- ------------------------------------------------------------ ----------                                                
         1 ALGEBRA                                                               4                                                
         2 ANALISIS MATEMATICO                                                   1                                                
         3 ASTRONOMIA Y ASTROFISICA                                              2                                                
         4 CIENCIAS DE LA COMPUTACION E INTELIGENCIA ARTIFICIAL                  3                                                
         5 DIDACTICAS DE LA MATEMATICA                                           1                                                
         6 ESTADISTICA E INVESTIGACION OPERATIVA                                 3                                                
         7 LENGUAJES Y SISTEMAS INFORMATICOS                                     3                                                
         8 MATEMATICA APLICADA                                                   1                                                

8 rows selected.

SQL> SELECT DNI
  2  FROM PROFESOR;

       DNI                                                                                                                        
----------                                                                                                                        
      1010                                                                                                                        
      1111                                                                                                                        
      2020                                                                                                                        
      2222                                                                                                                        
      3030                                                                                                                        
      3333                                                                                                                        
      4444                                                                                                                        
      5555                                                                                                                        
      6666                                                                                                                        
      7777                                                                                                                        
      8888                                                                                                                        

       DNI                                                                                                                        
----------                                                                                                                        
      9999                                                                                                                        

12 rows selected.

SQL> SELECT *
  2  FROM PROFESOR;

       DNI P                                                                   CAR CAT                                            
---------- ------------------------------------------------------------ ---------- -----                                          
      1111 JUAN                                                                  6 CU                                             
      2222 CARLOS                                                                7 TU                                             
      3333 PEDRO                                                                 4 TEU                                            
      4444 MARIA                                                                 7 TU                                             
      5555 IVAN                                                                  1 CEU                                            
      6666 CARMEN                                                                3 CD                                             
      7777 MARIO                                                                 2 TU                                             
      8888 FRANCISCO                                                             5 TU                                             
      9999 ANGELA                                                                8 TEU                                            
      1010 DAVID                                                                 4 TU                                             
      2020 SOLEDAD                                                               7 CU                                             

       DNI P                                                                   CAR CAT                                            
---------- ------------------------------------------------------------ ---------- -----                                          
      3030 JOSE MANUEL                                                           6 TEU                                            

12 rows selected.

SQL> SELECT P,DNI,CAT,CAR
  2  FROM PROFESOR;

P                                                                   DNI CAT          CAR                                          
------------------------------------------------------------ ---------- ----- ----------                                          
JUAN                                                               1111 CU             6                                          
CARLOS                                                             2222 TU             7                                          
PEDRO                                                              3333 TEU            4                                          
MARIA                                                              4444 TU             7                                          
IVAN                                                               5555 CEU            1                                          
CARMEN                                                             6666 CD             3                                          
MARIO                                                              7777 TU             2                                          
FRANCISCO                                                          8888 TU             5                                          
ANGELA                                                             9999 TEU            8                                          
DAVID                                                              1010 TU             4                                          
SOLEDAD                                                            2020 CU             7                                          

P                                                                   DNI CAT          CAR                                          
------------------------------------------------------------ ---------- ----- ----------                                          
JOSE MANUEL                                                        3030 TEU            6                                          

12 rows selected.

SQL> SELECT P AS NOMBRE, DNI AS D CAT AS CATEGORIA, CAR AS CODIGO
  2  FROM PROFESOR
  3  ;
SELECT P AS NOMBRE, DNI AS D CAT AS CATEGORIA, CAR AS CODIGO
                             *
ERROR at line 1:
ORA-00923: FROM keyword not found where expected 


SQL> SELECT P AS NOMBRE, DNI AS D, CAT AS CATEGORIA, CAR AS CODIGO
  2  FROM PROFESOR;

NOMBRE                                                                D CATEG     CODIGO                                          
------------------------------------------------------------ ---------- ----- ----------                                          
JUAN                                                               1111 CU             6                                          
CARLOS                                                             2222 TU             7                                          
PEDRO                                                              3333 TEU            4                                          
MARIA                                                              4444 TU             7                                          
IVAN                                                               5555 CEU            1                                          
CARMEN                                                             6666 CD             3                                          
MARIO                                                              7777 TU             2                                          
FRANCISCO                                                          8888 TU             5                                          
ANGELA                                                             9999 TEU            8                                          
DAVID                                                              1010 TU             4                                          
SOLEDAD                                                            2020 CU             7                                          

NOMBRE                                                                D CATEG     CODIGO                                          
------------------------------------------------------------ ---------- ----- ----------                                          
JOSE MANUEL                                                        3030 TEU            6                                          

12 rows selected.

SQL> SELECT *
  2  FROM ASIGNATURA;

       CAS A                                                  T           CUR        CAR         CT         CP         CL         
---------- -------------------------------------------------- ---- ---------- ---------- ---------- ---------- ----------         
         1 BASE DE DATOS                                      GII           3          7          3        1.5        1.5         
         2 INTELIGENCIA ARTIFICIAL                            GII           3          4        1.5        1.5          3         
         3 ALMACENES DE DATOS                                 MII           1          7        1.5          0        1.5         
         4 MINERIA DE DATOS                                   MII           1          7        1.5          0        1.5         
         5 INFORMATICA BASICA                                 GII           1          7          3        1.5        1.5         
         6 ALGEBRA                                            GII           1          1          3          3          0         
         7 CALCULO                                            GII           1          8          3          3          0         
         8 OPTIMIZACION                                       GII           1          6          3        1.5        1.5         
         9 GESTION DE RIESGOS                                 GII           3          4          3          0          3         
        10 ASTRONOMIA                                         GF            2          3          3        1.5        1.5         
        11 ENSENANZA DE LA MATEMATICA                         GM            2          5          6          0          0         

       CAS A                                                  T           CUR        CAR         CT         CP         CL         
---------- -------------------------------------------------- ---- ---------- ---------- ---------- ---------- ----------         
        12 ANALISIS COMPLEJO                                  GM            4          2        4.5          3          0         

12 rows selected.

SQL> SELECT *
  2  FROM ASIGNATURA
  3  WHERE T='GII';

       CAS A                                                  T           CUR        CAR         CT         CP         CL         
---------- -------------------------------------------------- ---- ---------- ---------- ---------- ---------- ----------         
         1 BASE DE DATOS                                      GII           3          7          3        1.5        1.5         
         2 INTELIGENCIA ARTIFICIAL                            GII           3          4        1.5        1.5          3         
         5 INFORMATICA BASICA                                 GII           1          7          3        1.5        1.5         
         6 ALGEBRA                                            GII           1          1          3          3          0         
         7 CALCULO                                            GII           1          8          3          3          0         
         8 OPTIMIZACION                                       GII           1          6          3        1.5        1.5         
         9 GESTION DE RIESGOS                                 GII           3          4          3          0          3         

7 rows selected.

SQL> SELECT DNI
  2  FROM PROFESOR
  3  WHERE CAR=7;

       DNI                                                                                                                        
----------                                                                                                                        
      2222                                                                                                                        
      4444                                                                                                                        
      2020                                                                                                                        

SQL> SELECT DISTINCT P
  2  FROM AREA
  3  WHERE CAR=7
  4  ;
SELECT DISTINCT P
                *
ERROR at line 1:
ORA-00904: "P": invalid identifier 


SQL> SELECT DISTINCT P
  2  FROM ARE
  3  ;
FROM ARE
     *
ERROR at line 2:
ORA-00942: table or view does not exist 


SQL> SELECT DISTINCT P
  2  FROM PROFESOR
  3  WHERE CAR=7;

P                                                                                                                                 
------------------------------------------------------------                                                                      
SOLEDAD                                                                                                                           
CARLOS                                                                                                                            
MARIA                                                                                                                             

SQL> SELECT A
  2  FROM ASIGNATURA
  3  WHERE CAS>=7
  4  ;

A                                                                                                                                 
--------------------------------------------------                                                                                
CALCULO                                                                                                                           
OPTIMIZACION                                                                                                                      
GESTION DE RIESGOS                                                                                                                
ASTRONOMIA                                                                                                                        
ENSENANZA DE LA MATEMATICA                                                                                                        
ANALISIS COMPLEJO                                                                                                                 

6 rows selected.

SQL> SELECT A
  2  FROM ASIGNATURA
  3  WHERE CAS>7
  4  ;

A                                                                                                                                 
--------------------------------------------------                                                                                
OPTIMIZACION                                                                                                                      
GESTION DE RIESGOS                                                                                                                
ASTRONOMIA                                                                                                                        
ENSENANZA DE LA MATEMATICA                                                                                                        
ANALISIS COMPLEJO                                                                                                                 

SQL> SELECT CAS
  2  FROM ASIGNATURA
  3  WHERE A="%aLMACENES DE DATOS%";
WHERE A="%aLMACENES DE DATOS%"
        *
ERROR at line 3:
ORA-00904: "%aLMACENES DE DATOS%": invalid identifier 


SQL> SELECT CAS
  2  WHERE A="%ALMACENES DE DATOS%";
WHERE A="%ALMACENES DE DATOS%"
*
ERROR at line 2:
ORA-00923: FROM keyword not found where expected 


SQL> SELECT CAS
  2  FROM ASIGNATURA
  3  WHERE A="%ALMACENES DE DATOS%";
WHERE A="%ALMACENES DE DATOS%"
        *
ERROR at line 3:
ORA-00904: "%ALMACENES DE DATOS%": invalid identifier 


SQL> SELECT CAS
  2  FROM ASIGNATURA
  3  WHERE A=%ALMACENES DE DATOS%;
WHERE A=%ALMACENES DE DATOS%
        *
ERROR at line 3:
ORA-00911: invalid character 


SQL> SELECT
  2  FROM ASIGNATURA
  3  ;
FROM ASIGNATURA
*
ERROR at line 2:
ORA-00936: missing expression 


SQL> SELECT *
  2  FROM ASIGNATURA;

       CAS A                                                  T           CUR        CAR         CT         CP         CL         
---------- -------------------------------------------------- ---- ---------- ---------- ---------- ---------- ----------         
         1 BASE DE DATOS                                      GII           3          7          3        1.5        1.5         
         2 INTELIGENCIA ARTIFICIAL                            GII           3          4        1.5        1.5          3         
         3 ALMACENES DE DATOS                                 MII           1          7        1.5          0        1.5         
         4 MINERIA DE DATOS                                   MII           1          7        1.5          0        1.5         
         5 INFORMATICA BASICA                                 GII           1          7          3        1.5        1.5         
         6 ALGEBRA                                            GII           1          1          3          3          0         
         7 CALCULO                                            GII           1          8          3          3          0         
         8 OPTIMIZACION                                       GII           1          6          3        1.5        1.5         
         9 GESTION DE RIESGOS                                 GII           3          4          3          0          3         
        10 ASTRONOMIA                                         GF            2          3          3        1.5        1.5         
        11 ENSENANZA DE LA MATEMATICA                         GM            2          5          6          0          0         

       CAS A                                                  T           CUR        CAR         CT         CP         CL         
---------- -------------------------------------------------- ---- ---------- ---------- ---------- ---------- ----------         
        12 ANALISIS COMPLEJO                                  GM            4          2        4.5          3          0         

12 rows selected.

SQL> SELECT *
  2  FROM ASIGNATURA
  3  WHERE A LIKE "%ALMACENES DE DATOS%";
WHERE A LIKE "%ALMACENES DE DATOS%"
             *
ERROR at line 3:
ORA-00904: "%ALMACENES DE DATOS%": invalid identifier 


SQL> SELECT *
  2  FROM ASIGNATURA
  3  WHERE A LIKE '%ALMACENES DE DATOS%';

       CAS A                                                  T           CUR        CAR         CT         CP         CL         
---------- -------------------------------------------------- ---- ---------- ---------- ---------- ---------- ----------         
         3 ALMACENES DE DATOS                                 MII           1          7        1.5          0        1.5         

SQL> SELECT A
  2  FROM ASIGNATURA
  3  WHERE CAS!=8;

A                                                                                                                                 
--------------------------------------------------                                                                                
BASE DE DATOS                                                                                                                     
INTELIGENCIA ARTIFICIAL                                                                                                           
ALMACENES DE DATOS                                                                                                                
MINERIA DE DATOS                                                                                                                  
INFORMATICA BASICA                                                                                                                
ALGEBRA                                                                                                                           
CALCULO                                                                                                                           
GESTION DE RIESGOS                                                                                                                
ASTRONOMIA                                                                                                                        
ENSENANZA DE LA MATEMATICA                                                                                                        
ANALISIS COMPLEJO                                                                                                                 

11 rows selected.

SQL> SELECT A
  2  FROM ASIGNATURA
  3  WHERE CAS!=8 OR CAS!=11;

A                                                                                                                                 
--------------------------------------------------                                                                                
BASE DE DATOS                                                                                                                     
INTELIGENCIA ARTIFICIAL                                                                                                           
ALMACENES DE DATOS                                                                                                                
MINERIA DE DATOS                                                                                                                  
INFORMATICA BASICA                                                                                                                
ALGEBRA                                                                                                                           
CALCULO                                                                                                                           
OPTIMIZACION                                                                                                                      
GESTION DE RIESGOS                                                                                                                
ASTRONOMIA                                                                                                                        
ENSENANZA DE LA MATEMATICA                                                                                                        

A                                                                                                                                 
--------------------------------------------------                                                                                
ANALISIS COMPLEJO                                                                                                                 

12 rows selected.

SQL> SELECT A
  2  FROM ASIGNATURA
  3  WHERE CAS!=8 AND CAS!=11;

A                                                                                                                                 
--------------------------------------------------                                                                                
BASE DE DATOS                                                                                                                     
INTELIGENCIA ARTIFICIAL                                                                                                           
ALMACENES DE DATOS                                                                                                                
MINERIA DE DATOS                                                                                                                  
INFORMATICA BASICA                                                                                                                
ALGEBRA                                                                                                                           
CALCULO                                                                                                                           
GESTION DE RIESGOS                                                                                                                
ASTRONOMIA                                                                                                                        
ANALISIS COMPLEJO                                                                                                                 

10 rows selected.

SQL> SELECT CAS
  2  FROM ASIGNATURA
  3  WHERE DNI=3333;
WHERE DNI=3333
      *
ERROR at line 3:
ORA-00904: "DNI": invalid identifier 


SQL> SELECT CAS
  2  FROM ASIGNATURA NATURAL JOIN PROFESOR
  3  WHERE DNI=3333;

       CAS                                                                                                                        
----------                                                                                                                        
         2                                                                                                                        
         9                                                                                                                        

SQL> SELECT CD
  2  FROM ASGNATURA
  3  WHERE D='ASTROFISICA';
FROM ASGNATURA
     *
ERROR at line 2:
ORA-00942: table or view does not exist 


SQL> FROM ASGNATURA
SP2-0734: unknown command beginning "FROM ASGNA..." - rest of line ignored.
SQL> SELECT CD
  2  FROM ASIGNATURA
  3  WHERE D='ASTROFISICA';
WHERE D='ASTROFISICA'
      *
ERROR at line 3:
ORA-00904: "D": invalid identifier 


SQL> SELECT CD
  2  FROM DEPARTAMENTO
  3  WHERE D='ASTROFISICA';

        CD                                                                                                                        
----------                                                                                                                        
         2                                                                                                                        

SQL> SELECT DNIS
  2  ;

*
ERROR at line 2:
ORA-00923: FROM keyword not found where expected 


SQL> SELECT DNI
  2  FROM PLAN_DOCENTE
  3  WHERE FI='01-09-09'
  4  ;
WHERE FI='01-09-09'
         *
ERROR at line 3:
ORA-01843: not a valid month 


SQL> SELECT DNI
  2  FROM PLAN_DOCENTE
  3  WHERE FI='01-SEP-09';

       DNI                                                                                                                        
----------                                                                                                                        
      1010                                                                                                                        
      1111                                                                                                                        
      2222                                                                                                                        
      3030                                                                                                                        
      3333                                                                                                                        
      8888                                                                                                                        

6 rows selected.

SQL> SELECT DNI
  2  FROM PLAN_DOCENTE
  3  WHERE FI < '01-SEP-09';

       DNI                                                                                                                        
----------                                                                                                                        
      1010                                                                                                                        
      1010                                                                                                                        
      1111                                                                                                                        
      2020                                                                                                                        
      2222                                                                                                                        
      3333                                                                                                                        
      4444                                                                                                                        
      6666                                                                                                                        

8 rows selected.

SQL> SELECT +
  2  ;

*
ERROR at line 2:
ORA-00936: missing expression 


SQL> SELECT *
  2  FROM PLAN_DOCENTE
  3  WHERE FI < '01-SEP-09';

       DNI        CAS        CTA        CPA        CLA FI        FF                                                               
---------- ---------- ---------- ---------- ---------- --------- ---------                                                        
      1010          2        1.5        1.5          3 01-SEP-05 31-AUG-08                                                        
      1010          9          3          0          3 01-SEP-08 31-AUG-09                                                        
      1111          8          3        1.5        1.5 01-SEP-07 31-AUG-09                                                        
      2020          3        1.5          0        1.5 01-SEP-08                                                                  
      2222          3        1.5          0        1.5 01-SEP-06 31-AUG-07                                                        
      3333          2        1.5        1.5          3 01-SEP-08                                                                  
      4444          4        1.5          0        1.5 01-SEP-08 31-AUG-10                                                        
      6666         10          3        1.5        1.5 01-SEP-08 31-AUG-11                                                        

8 rows selected.

SQL> SELECT A
  2  FROM ASIGNATURA
  3  WHERE CAR IN(3,5,8)
  4  ;

A                                                                                                                                 
--------------------------------------------------                                                                                
CALCULO                                                                                                                           
ASTRONOMIA                                                                                                                        
ENSENANZA DE LA MATEMATICA                                                                                                        

SQL> SELECT A
  2  FROM ASIGNATURA
  3  WHERE CAR IN NOT (3,5,8)
  4  ;
WHERE CAR IN NOT (3,5,8)
             *
ERROR at line 3:
ORA-00936: missing expression 


SQL> SELECT A
  2  FROM ASIGNATURA
  3  WHERE CAR NOT IN (3,5,8)
  4  ;

A                                                                                                                                 
--------------------------------------------------                                                                                
BASE DE DATOS                                                                                                                     
INTELIGENCIA ARTIFICIAL                                                                                                           
ALMACENES DE DATOS                                                                                                                
MINERIA DE DATOS                                                                                                                  
INFORMATICA BASICA                                                                                                                
ALGEBRA                                                                                                                           
OPTIMIZACION                                                                                                                      
GESTION DE RIESGOS                                                                                                                
ANALISIS COMPLEJO                                                                                                                 

9 rows selected.

SQL> SELECT P
  2  FROM PROFESOR
  3  WHERE DNI>3000 AND DNI<7000;

P                                                                                                                                 
------------------------------------------------------------                                                                      
JOSE MANUEL                                                                                                                       
PEDRO                                                                                                                             
MARIA                                                                                                                             
IVAN                                                                                                                              
CARMEN                                                                                                                            

SQL> SELECT P
  2  FROM PROFESOR
  3  WHERE DNI<3000 OR DNI>7000;

P                                                                                                                                 
------------------------------------------------------------                                                                      
JUAN                                                                                                                              
CARLOS                                                                                                                            
MARIO                                                                                                                             
FRANCISCO                                                                                                                         
ANGELA                                                                                                                            
DAVID                                                                                                                             
SOLEDAD                                                                                                                           

7 rows selected.

SQL> SELECT CAS
  2  FROM ASIGNATURA
  3  WHERE DNI=1111;
WHERE DNI=1111
      *
ERROR at line 3:
ORA-00904: "DNI": invalid identifier 


SQL> SELECT CAS
  2  FROM ASIGNATURA NATURAL JOIN PROFESOR
  3  WHERE DNI='1111';

       CAS                                                                                                                        
----------                                                                                                                        
         8                                                                                                                        

SQL> SELECT SUM(CT+CP+CL) AS SUMA
  2  FROM PLAN_DOCENTE
  3  GROUP BY A
  4  ;
GROUP BY A
         *
ERROR at line 3:
ORA-00904: "A": invalid identifier 


SQL> SELECT SUM(CT+CP+CL) AS SUMA
  2  FROM PLAN_DOCENTE NATURAL JOIN ASIGNATURA
  3  GROUP BY A;

      SUMA                                                                                                                        
----------                                                                                                                        
         6                                                                                                                        
         6                                                                                                                        
        18                                                                                                                        
         6                                                                                                                        
        18                                                                                                                        
         6                                                                                                                        
       7.5                                                                                                                        
         6                                                                                                                        
        12                                                                                                                        
         6                                                                                                                        
         6                                                                                                                        

      SUMA                                                                                                                        
----------                                                                                                                        
         6                                                                                                                        

12 rows selected.

SQL> SPOOL OFF
